[themewagon.github.io/pinwheel/index.html]
[themewagon.github.io/pinwheel/images/favicon.png]
[backblue.gif]
[fade.gif]
[index.html]
[themewagon.github.io/pinwheel/plugins/swiper/swiper-bundle.css]
[themewagon.github.io/pinwheel/plugins/font-awesome/v6/brands.css]
[themewagon.github.io/pinwheel/plugins/font-awesome/v6/solid.css]
[themewagon.github.io/pinwheel/plugins/font-awesome/v6/fontawesome.css]
[themewagon.github.io/pinwheel/styles/main.css]
[themewagon.github.io/pinwheel/index-2.html]
[themewagon.github.io/pinwheel/images/logo.svg]
[themewagon.github.io/pinwheel/about.html]
[themewagon.github.io/pinwheel/blog.html]
[themewagon.github.io/pinwheel/features.html]
[themewagon.github.io/pinwheel/how-it-works.html]
[themewagon.github.io/pinwheel/career.html]
[themewagon.github.io/pinwheel/career-single.html]
[themewagon.github.io/pinwheel/integrations.html]
[themewagon.github.io/pinwheel/integration-single.html]
[themewagon.github.io/pinwheel/pricing.html]
[themewagon.github.io/pinwheel/changelogs.html]
[themewagon.github.io/pinwheel/terms-conditions.html]
[themewagon.github.io/pinwheel/contact.html]
[themewagon.github.io/pinwheel/signin.html]
[themewagon.github.io/pinwheel/images/banner-img.png]
[themewagon.github.io/pinwheel/images/banner-shape.svg]
[themewagon.github.io/pinwheel/images/icons/feature-shape.svg]
[themewagon.github.io/pinwheel/images/icons/feature-icon-1.svg]
[themewagon.github.io/pinwheel/images/icons/feature-icon-2.svg]
[themewagon.github.io/pinwheel/images/icons/feature-icon-3.svg]
[themewagon.github.io/pinwheel/images/icons/feature-icon-4.svg]
[themewagon.github.io/pinwheel/images/icons/feature-icon-5.svg]
[themewagon.github.io/pinwheel/images/icons/feature-icon-6.svg]
[themewagon.github.io/pinwheel/images/icons/feature-icon-7.svg]
[themewagon.github.io/pinwheel/images/icons/feature-icon-8.svg]
[themewagon.github.io/pinwheel/images/icons/feature-icon-9.svg]
[themewagon.github.io/pinwheel/images/icons/feature-icon-10.svg]
[themewagon.github.io/pinwheel/images/sells-by-country.png]
[themewagon.github.io/pinwheel/images/collaboration.png]
[themewagon.github.io/pinwheel/images/icons/drop.svg]
[themewagon.github.io/pinwheel/images/icons/brain.svg]
[themewagon.github.io/pinwheel/images/icons/timer.svg]
[themewagon.github.io/pinwheel/images/shape.svg]
[themewagon.github.io/pinwheel/images/intro-thumbnail.png]
[themewagon.github.io/pinwheel/images/users/user-5.png]
[themewagon.github.io/pinwheel/images/icons/star.svg]
[themewagon.github.io/pinwheel/images/icons/star-white.svg]
[themewagon.github.io/pinwheel/images/users/user-2.png]
[themewagon.github.io/pinwheel/images/users/user-6.png]
[themewagon.github.io/pinwheel/plugins/swiper/swiper-bundle.js]
[themewagon.github.io/pinwheel/plugins/shufflejs/shuffle.js]
[themewagon.github.io/pinwheel/scripts/main.js]
[themewagon.github.io/pinwheel/index.html]
[themewagon.github.io/pinwheel/plugins/swiper/swiper-bundle.css]
[themewagon.github.io/pinwheel/plugins/font-awesome/v6/brands.css]
[themewagon.github.io/pinwheel/plugins/font-awesome/v6/solid.css]
[themewagon.github.io/pinwheel/plugins/font-awesome/v6/fontawesome.css]
[themewagon.github.io/pinwheel/images/icons/quote.svg]
[themewagon.github.io/pinwheel/styles/main.css]
[themewagon.github.io/pinwheel/index-2.html]
[themewagon.github.io/pinwheel/images/logo.svg]
[themewagon.github.io/pinwheel/images/floating-bubble-1.svg]
[themewagon.github.io/pinwheel/images/floating-bubble-2.svg]
[themewagon.github.io/pinwheel/images/floating-bubble-3.svg]
[themewagon.github.io/pinwheel/images/about/gallery-img-1.png]
[themewagon.github.io/pinwheel/images/about/gallery-img-2.png]
[themewagon.github.io/pinwheel/images/shape-2.svg]
[themewagon.github.io/pinwheel/images/about/gallery-img-3.png]
[themewagon.github.io/pinwheel/images/gradient-number-bg.svg]
[themewagon.github.io/pinwheel/images/users/user-1.png]
[themewagon.github.io/pinwheel/images/users/user-3.png]
[themewagon.github.io/pinwheel/images/users/user-4.png]
[themewagon.github.io/pinwheel/about.html]
[themewagon.github.io/pinwheel/images/posts/post-1.png]
[themewagon.github.io/pinwheel/blog-single.html]
[themewagon.github.io/pinwheel/images/posts/post-2.png]
[themewagon.github.io/pinwheel/images/posts/post-3.png]
[themewagon.github.io/pinwheel/images/posts/post-4.png]
[themewagon.github.io/pinwheel/images/posts/post-5.png]
[themewagon.github.io/pinwheel/images/posts/post-6.png]
[themewagon.github.io/pinwheel/images/posts/post-7.png]
[themewagon.github.io/pinwheel/images/posts/post-8.png]
[themewagon.github.io/pinwheel/images/posts/post-9.png]
[themewagon.github.io/pinwheel/images/posts/post-10.png]
[themewagon.github.io/pinwheel/images/posts/post-11.png]
[themewagon.github.io/pinwheel/images/posts/post-12.png]
[themewagon.github.io/pinwheel/images/posts/post-13.png]
[themewagon.github.io/pinwheel/blog.html]
[themewagon.github.io/pinwheel/images/features-banner-img.png]
[themewagon.github.io/pinwheel/images/avatar-1.png]
[themewagon.github.io/pinwheel/images/avatar-2.png]
[themewagon.github.io/pinwheel/images/avatar-3.png]
[themewagon.github.io/pinwheel/images/avatar-4.png]
[themewagon.github.io/pinwheel/images/features/feature-img-1.png]
[themewagon.github.io/pinwheel/images/features/feature-img-2.png]
[themewagon.github.io/pinwheel/features.html]
[themewagon.github.io/pinwheel/images/how-it-work/results.png]
[themewagon.github.io/pinwheel/images/how-it-work/market-professionals.png]
[themewagon.github.io/pinwheel/images/how-it-work/awards.png]
[themewagon.github.io/pinwheel/images/how-it-work/image-1.png]
[themewagon.github.io/pinwheel/images/how-it-work/image-2.png]
[themewagon.github.io/pinwheel/images/how-it-work/image-3.png]
[themewagon.github.io/pinwheel/how-it-works.html]
[themewagon.github.io/pinwheel/images/career/career-hero-img-1.png]
[themewagon.github.io/pinwheel/images/career/career-hero-img-2.png]
[themewagon.github.io/pinwheel/images/career/icon-1.png]
[themewagon.github.io/pinwheel/images/career/icon-2.png]
[themewagon.github.io/pinwheel/images/career/icon-3.png]
[themewagon.github.io/pinwheel/images/career/icon-4.png]
[themewagon.github.io/pinwheel/images/career/icon-5.png]
[themewagon.github.io/pinwheel/images/career/icon-6.png]
[themewagon.github.io/pinwheel/images/icons/arrow-right.svg]
[themewagon.github.io/pinwheel/career.html]
[themewagon.github.io/pinwheel/career-single.html]
[themewagon.github.io/pinwheel/images/icons/facebook-colored.svg]
[themewagon.github.io/pinwheel/images/icons/twitter-colored.svg]
[themewagon.github.io/pinwheel/images/icons/google-colored.svg]
[themewagon.github.io/pinwheel/images/icons/youtube-colored.svg]
[themewagon.github.io/pinwheel/images/icons/webflow-colored.svg]
[themewagon.github.io/pinwheel/images/icons/pinterest-colored.svg]
[themewagon.github.io/pinwheel/integrations.html]
[themewagon.github.io/pinwheel/integration-single.html]
[themewagon.github.io/pinwheel/images/icons/price-card-icon-1.svg]
[themewagon.github.io/pinwheel/images/icons/price-card-icon-2.svg]
[themewagon.github.io/pinwheel/images/icons/price-card-icon-3.svg]
[themewagon.github.io/pinwheel/pricing.html]
[themewagon.github.io/pinwheel/changelogs.html]
[themewagon.github.io/pinwheel/terms-conditions.html]
[themewagon.github.io/pinwheel/images/contact-img.png]
[themewagon.github.io/pinwheel/contact.html]
[themewagon.github.io/pinwheel/images/flower.svg]
[themewagon.github.io/pinwheel/signup.html]
[themewagon.github.io/pinwheel/images/login-banner-bg.svg]
[themewagon.github.io/pinwheel/images/login-carousel-img-1.png]
[themewagon.github.io/pinwheel/signin.html]
[themewagon.github.io/pinwheel/images/banner-shape.svg]
[themewagon.github.io/pinwheel/images/icons/feature-shape.svg]
[themewagon.github.io/pinwheel/images/icons/feature-icon-1.svg]
[themewagon.github.io/pinwheel/images/icons/feature-icon-2.svg]
[themewagon.github.io/pinwheel/images/icons/feature-icon-3.svg]
[themewagon.github.io/pinwheel/images/icons/feature-icon-4.svg]
[themewagon.github.io/pinwheel/images/icons/feature-icon-5.svg]
[themewagon.github.io/pinwheel/images/icons/feature-icon-6.svg]
[themewagon.github.io/pinwheel/images/icons/feature-icon-7.svg]
[themewagon.github.io/pinwheel/images/icons/feature-icon-8.svg]
[themewagon.github.io/pinwheel/images/icons/feature-icon-9.svg]
[themewagon.github.io/pinwheel/images/icons/feature-icon-10.svg]
[themewagon.github.io/pinwheel/images/icons/drop.svg]
[themewagon.github.io/pinwheel/images/icons/brain.svg]
[themewagon.github.io/pinwheel/images/icons/timer.svg]
[themewagon.github.io/pinwheel/images/shape.svg]
[themewagon.github.io/pinwheel/images/icons/checkmark-circle.svg]
[themewagon.github.io/pinwheel/images/icons/play-icon.svg]
[themewagon.github.io/pinwheel/images/icons/star.svg]
[themewagon.github.io/pinwheel/images/icons/star-white.svg]
[themewagon.github.io/pinwheel/images/icons/quote.svg]
[themewagon.github.io/pinwheel/images/floating-bubble-1.svg]
[themewagon.github.io/pinwheel/images/floating-bubble-2.svg]
[themewagon.github.io/pinwheel/images/floating-bubble-3.svg]
[themewagon.github.io/pinwheel/images/shape-2.svg]
[themewagon.github.io/pinwheel/images/gradient-number-bg.svg]
[themewagon.github.io/pinwheel/images/blog-single.png]
[themewagon.github.io/pinwheel/images/blog-author.png]
[themewagon.github.io/pinwheel/images/comment-author-1.png]
[themewagon.github.io/pinwheel/images/icons/replay-arrow.svg]
[themewagon.github.io/pinwheel/images/comment-author-2.png]
[themewagon.github.io/pinwheel/blog-single.html]
[themewagon.github.io/pinwheel/images/icons/arrow-right.svg]
[themewagon.github.io/pinwheel/images/icons/facebook-colored.svg]
[themewagon.github.io/pinwheel/images/icons/twitter-colored.svg]
[themewagon.github.io/pinwheel/images/icons/google-colored.svg]
[themewagon.github.io/pinwheel/images/icons/youtube-colored.svg]
[themewagon.github.io/pinwheel/images/icons/webflow-colored.svg]
[themewagon.github.io/pinwheel/images/icons/pinterest-colored.svg]
[themewagon.github.io/pinwheel/images/icons/price-card-icon-1.svg]
[themewagon.github.io/pinwheel/images/icons/price-card-icon-2.svg]
[themewagon.github.io/pinwheel/images/icons/price-card-icon-3.svg]
[themewagon.github.io/pinwheel/images/flower.svg]
[themewagon.github.io/pinwheel/images/signup-carousel-img-1.png]
[themewagon.github.io/pinwheel/signup.html]
[themewagon.github.io/pinwheel/images/login-banner-bg.svg]
[themewagon.github.io/pinwheel/images/icons/replay-arrow.svg]
